// Jest Snapshot v1, https://goo.gl/fbAQLP

exports[`<App /> mounts and renders app without errors 1`] = `
<App
  calculate={[Function]}
  clear={[Function]}
  delete={[Function]}
  evaluate={[Function]}
>
  <div>
    <Header>
      <div
        className="header"
      >
        <div
          className="container"
        >
          <img
            alt="logo"
            className="logo"
            src="logo.svg"
          />
        </div>
      </div>
    </Header>
    <div
      className="container align-center"
    >
      <div
        className="container-column-6"
      >
        <Hero>
          <div>
            <h1
              className="light-font"
            >
              Whatever the calculationâ€¦
            </h1>
            <h1
              className="bold-font"
            >
              You need Experts by your side.
            </h1>
            <div
              className="bottom-line"
            />
          </div>
        </Hero>
      </div>
      <div
        className="container-column-3"
      >
        <div
          className="calculator--container light"
        >
          <div
            onClick={[Function]}
          >
            <LightDark
              mode={true}
            >
              <div
                className="light-dark-container"
              >
                <div
                  className="light-dark-toggle light"
                />
                <span
                  className="active"
                >
                  Light
                </span>
                <span
                  className=""
                >
                  Dark
                </span>
              </div>
            </LightDark>
          </div>
          <Component
            calculate={[Function]}
            clear={[Function]}
            delete={[Function]}
            evaluate={[Function]}
          >
            <div
              className="screen--container"
            >
              <TextFit
                autoResize={true}
                className="screen-top"
                forceSingleModeWidth={true}
                max={14}
                min={1}
                mode="single"
                onReady={[Function]}
                throttle={60}
              >
                <div
                  className="screen-top"
                  style={
                    Object {
                      "fontSize": null,
                    }
                  }
                >
                  <div
                    style={
                      Object {
                        "display": "inline-block",
                        "whiteSpace": "nowrap",
                      }
                    }
                  />
                </div>
              </TextFit>
              <TextFit
                autoResize={true}
                className="screen-bottom"
                forceSingleModeWidth={true}
                max={40}
                min={1}
                mode="single"
                onReady={[Function]}
                throttle={50}
              >
                <div
                  className="screen-bottom"
                  style={
                    Object {
                      "fontSize": null,
                    }
                  }
                >
                  <div
                    style={
                      Object {
                        "display": "inline-block",
                        "whiteSpace": "nowrap",
                      }
                    }
                  />
                </div>
              </TextFit>
            </div>
          </Component>
          <Keypad
            calculate={[Function]}
            clear={[Function]}
            delete={[Function]}
            evaluate={[Function]}
          >
            <div
              className="keypad"
            >
              <Component
                buttonKey="c"
                key="c"
                onButtonClick={[Function]}
              >
                <button
                  className="btn  btn--grey"
                  name="c"
                  onClick={[Function]}
                >
                  c
                </button>
              </Component>
              <Component
                buttonKey="Del"
                key="Del"
                onButtonClick={[Function]}
              >
                <button
                  className="btn  btn--grey"
                  name="Del"
                  onClick={[Function]}
                >
                  Del
                </button>
              </Component>
              <Component
                buttonKey="%"
                key="%"
                onButtonClick={[Function]}
              >
                <button
                  className="btn  btn--grey"
                  name="%"
                  onClick={[Function]}
                >
                  %
                </button>
              </Component>
              <Component
                buttonKey="/"
                key="/"
                onButtonClick={[Function]}
              >
                <button
                  className="btn btn--orange"
                  name="/"
                  onClick={[Function]}
                >
                  /
                </button>
              </Component>
              <Component
                buttonKey="1"
                key="1"
                onButtonClick={[Function]}
              >
                <button
                  className="btn"
                  name="1"
                  onClick={[Function]}
                >
                  1
                </button>
              </Component>
              <Component
                buttonKey="2"
                key="2"
                onButtonClick={[Function]}
              >
                <button
                  className="btn"
                  name="2"
                  onClick={[Function]}
                >
                  2
                </button>
              </Component>
              <Component
                buttonKey="3"
                key="3"
                onButtonClick={[Function]}
              >
                <button
                  className="btn"
                  name="3"
                  onClick={[Function]}
                >
                  3
                </button>
              </Component>
              <Component
                buttonKey="*"
                key="*"
                onButtonClick={[Function]}
              >
                <button
                  className="btn btn--orange"
                  name="*"
                  onClick={[Function]}
                >
                  *
                </button>
              </Component>
              <Component
                buttonKey="4"
                key="4"
                onButtonClick={[Function]}
              >
                <button
                  className="btn"
                  name="4"
                  onClick={[Function]}
                >
                  4
                </button>
              </Component>
              <Component
                buttonKey="5"
                key="5"
                onButtonClick={[Function]}
              >
                <button
                  className="btn"
                  name="5"
                  onClick={[Function]}
                >
                  5
                </button>
              </Component>
              <Component
                buttonKey="6"
                key="6"
                onButtonClick={[Function]}
              >
                <button
                  className="btn"
                  name="6"
                  onClick={[Function]}
                >
                  6
                </button>
              </Component>
              <Component
                buttonKey="-"
                key="-"
                onButtonClick={[Function]}
              >
                <button
                  className="btn btn--orange"
                  name="-"
                  onClick={[Function]}
                >
                  -
                </button>
              </Component>
              <Component
                buttonKey="7"
                key="7"
                onButtonClick={[Function]}
              >
                <button
                  className="btn"
                  name="7"
                  onClick={[Function]}
                >
                  7
                </button>
              </Component>
              <Component
                buttonKey="8"
                key="8"
                onButtonClick={[Function]}
              >
                <button
                  className="btn"
                  name="8"
                  onClick={[Function]}
                >
                  8
                </button>
              </Component>
              <Component
                buttonKey="9"
                key="9"
                onButtonClick={[Function]}
              >
                <button
                  className="btn"
                  name="9"
                  onClick={[Function]}
                >
                  9
                </button>
              </Component>
              <Component
                buttonKey="+"
                key="+"
                onButtonClick={[Function]}
              >
                <button
                  className="btn btn--orange"
                  name="+"
                  onClick={[Function]}
                >
                  +
                </button>
              </Component>
              <Component
                buttonKey="."
                key="."
                onButtonClick={[Function]}
              >
                <button
                  className="btn"
                  name="."
                  onClick={[Function]}
                >
                  .
                </button>
              </Component>
              <Component
                buttonKey="0"
                key="0"
                onButtonClick={[Function]}
              >
                <button
                  className="btn   btn--zero"
                  name="0"
                  onClick={[Function]}
                >
                  0
                </button>
              </Component>
              <Component
                buttonKey="="
                key="="
                onButtonClick={[Function]}
              >
                <button
                  className="btn btn--orange"
                  name="="
                  onClick={[Function]}
                >
                  =
                </button>
              </Component>
            </div>
          </Keypad>
        </div>
      </div>
    </div>
  </div>
</App>
`;
